app/(app)/about.tsx(29,19): error TS2339: Property 'blue' does not exist on type '{ primary: string; primaryDark: string; primaryDeep: string; secondary: string; success: string; warning: string; error: string; background: string; surface: string; surfaceAlt: string; border: string; ... 14 more ...; premium: string; }'.
app/(app)/about.tsx(46,19): error TS2339: Property 'blue' does not exist on type '{ primary: string; primaryDark: string; primaryDeep: string; secondary: string; success: string; warning: string; error: string; background: string; surface: string; surfaceAlt: string; border: string; ... 14 more ...; premium: string; }'.
app/(app)/about.tsx(75,87): error TS2339: Property 'borderLight' does not exist on type '{ primary: string; primaryDark: string; primaryDeep: string; secondary: string; success: string; warning: string; error: string; background: string; surface: string; surfaceAlt: string; border: string; ... 14 more ...; premium: string; }'.
app/(app)/about.tsx(208,67): error TS2339: Property 'blue' does not exist on type '{ primary: string; primaryDark: string; primaryDeep: string; secondary: string; success: string; warning: string; error: string; background: string; surface: string; surfaceAlt: string; border: string; ... 14 more ...; premium: string; }'.
app/(app)/about.tsx(212,67): error TS2339: Property 'blue' does not exist on type '{ primary: string; primaryDark: string; primaryDeep: string; secondary: string; success: string; warning: string; error: string; background: string; surface: string; surfaceAlt: string; border: string; ... 14 more ...; premium: string; }'.
app/(app)/about.tsx(221,42): error TS2339: Property 'textMuted' does not exist on type '{ primary: string; primaryDark: string; primaryDeep: string; secondary: string; success: string; warning: string; error: string; background: string; surface: string; surfaceAlt: string; border: string; ... 14 more ...; premium: string; }'.
app/(app)/about.tsx(228,42): error TS2339: Property 'textMuted' does not exist on type '{ primary: string; primaryDark: string; primaryDeep: string; secondary: string; success: string; warning: string; error: string; background: string; surface: string; surfaceAlt: string; border: string; ... 14 more ...; premium: string; }'.
app/(app)/about.tsx(237,42): error TS2339: Property 'textMuted' does not exist on type '{ primary: string; primaryDark: string; primaryDeep: string; secondary: string; success: string; warning: string; error: string; background: string; surface: string; surfaceAlt: string; border: string; ... 14 more ...; premium: string; }'.
app/(app)/about.tsx(295,16): error TS2339: Property 'shadows' does not exist on type '{ sm: number; md: number; lg: number; xl: number; radius: { sm: number; md: number; lg: number; xl: number; }; }'.
app/(app)/about.tsx(295,64): error TS2339: Property 'borderLight' does not exist on type '{ primary: string; primaryDark: string; primaryDeep: string; secondary: string; success: string; warning: string; error: string; background: string; surface: string; surfaceAlt: string; border: string; ... 14 more ...; premium: string; }'.
app/(app)/about.tsx(307,36): error TS2339: Property 'shadows' does not exist on type '{ sm: number; md: number; lg: number; xl: number; radius: { sm: number; md: number; lg: number; xl: number; }; }'.
app/(app)/about.tsx(324,16): error TS2339: Property 'shadows' does not exist on type '{ sm: number; md: number; lg: number; xl: number; radius: { sm: number; md: number; lg: number; xl: number; }; }'.
app/(app)/about.tsx(339,41): error TS2339: Property 'borderLight' does not exist on type '{ primary: string; primaryDark: string; primaryDeep: string; secondary: string; success: string; warning: string; error: string; background: string; surface: string; surfaceAlt: string; border: string; ... 14 more ...; premium: string; }'.
app/(app)/about.tsx(339,65): error TS2339: Property 'shadows' does not exist on type '{ sm: number; md: number; lg: number; xl: number; radius: { sm: number; md: number; lg: number; xl: number; }; }'.
app/(app)/about.tsx(350,37): error TS2339: Property 'shadows' does not exist on type '{ sm: number; md: number; lg: number; xl: number; radius: { sm: number; md: number; lg: number; xl: number; }; }'.
app/(app)/about.tsx(351,41): error TS2339: Property 'borderLight' does not exist on type '{ primary: string; primaryDark: string; primaryDeep: string; secondary: string; success: string; warning: string; error: string; background: string; surface: string; surfaceAlt: string; border: string; ... 14 more ...; premium: string; }'.
app/(app)/about.tsx(356,53): error TS2339: Property 'borderLight' does not exist on type '{ primary: string; primaryDark: string; primaryDeep: string; secondary: string; success: string; warning: string; error: string; background: string; surface: string; surfaceAlt: string; border: string; ... 14 more ...; premium: string; }'.
app/(app)/about.tsx(362,41): error TS2339: Property 'borderLight' does not exist on type '{ primary: string; primaryDark: string; primaryDeep: string; secondary: string; success: string; warning: string; error: string; background: string; surface: string; surfaceAlt: string; border: string; ... 14 more ...; premium: string; }'.
app/(app)/buy-agni.tsx(65,49): error TS2339: Property 'textMuted' does not exist on type '{ primary: string; primaryDark: string; primaryDeep: string; secondary: string; success: string; warning: string; error: string; background: string; surface: string; surfaceAlt: string; border: string; ... 14 more ...; premium: string; }'.
app/(app)/buy-agni.tsx(145,16): error TS2339: Property 'shadows' does not exist on type '{ sm: number; md: number; lg: number; xl: number; radius: { sm: number; md: number; lg: number; xl: number; }; }'.
app/(app)/buy-agni.tsx(167,16): error TS2339: Property 'shadows' does not exist on type '{ sm: number; md: number; lg: number; xl: number; radius: { sm: number; md: number; lg: number; xl: number; }; }'.
app/(app)/buy-agni.tsx(394,79): error TS2339: Property 'textMuted' does not exist on type '{ primary: string; primaryDark: string; primaryDeep: string; secondary: string; success: string; warning: string; error: string; background: string; surface: string; surfaceAlt: string; border: string; ... 14 more ...; premium: string; }'.
app/(app)/buy-agni.tsx(402,41): error TS2339: Property 'borderLight' does not exist on type '{ primary: string; primaryDark: string; primaryDeep: string; secondary: string; success: string; warning: string; error: string; background: string; surface: string; surfaceAlt: string; border: string; ... 14 more ...; premium: string; }'.
app/(app)/buy-agni.tsx(403,16): error TS2339: Property 'shadows' does not exist on type '{ sm: number; md: number; lg: number; xl: number; radius: { sm: number; md: number; lg: number; xl: number; }; }'.
app/(app)/buy-agni.tsx(414,41): error TS2339: Property 'borderLight' does not exist on type '{ primary: string; primaryDark: string; primaryDeep: string; secondary: string; success: string; warning: string; error: string; background: string; surface: string; surfaceAlt: string; border: string; ... 14 more ...; premium: string; }'.
app/(app)/buy-agni.tsx(415,16): error TS2339: Property 'shadows' does not exist on type '{ sm: number; md: number; lg: number; xl: number; radius: { sm: number; md: number; lg: number; xl: number; }; }'.
app/(app)/buy-agni.tsx(435,105): error TS2339: Property 'borderLight' does not exist on type '{ primary: string; primaryDark: string; primaryDeep: string; secondary: string; success: string; warning: string; error: string; background: string; surface: string; surfaceAlt: string; border: string; ... 14 more ...; premium: string; }'.
app/(app)/buy-agni.tsx(447,41): error TS2339: Property 'borderLight' does not exist on type '{ primary: string; primaryDark: string; primaryDeep: string; secondary: string; success: string; warning: string; error: string; background: string; surface: string; surfaceAlt: string; border: string; ... 14 more ...; premium: string; }'.
app/(app)/buy-agni.tsx(449,16): error TS2339: Property 'shadows' does not exist on type '{ sm: number; md: number; lg: number; xl: number; radius: { sm: number; md: number; lg: number; xl: number; }; }'.
app/(app)/buy-agni.tsx(462,16): error TS2339: Property 'shadows' does not exist on type '{ sm: number; md: number; lg: number; xl: number; radius: { sm: number; md: number; lg: number; xl: number; }; }'.
app/(app)/buy-agni.tsx(463,47): error TS2339: Property 'borderLight' does not exist on type '{ primary: string; primaryDark: string; primaryDeep: string; secondary: string; success: string; warning: string; error: string; background: string; surface: string; surfaceAlt: string; border: string; ... 14 more ...; premium: string; }'.
app/(app)/buy-agni.tsx(473,16): error TS2339: Property 'shadows' does not exist on type '{ sm: number; md: number; lg: number; xl: number; radius: { sm: number; md: number; lg: number; xl: number; }; }'.
app/(app)/buy-agni.tsx(476,76): error TS2339: Property 'textMuted' does not exist on type '{ primary: string; primaryDark: string; primaryDeep: string; secondary: string; success: string; warning: string; error: string; background: string; surface: string; surfaceAlt: string; border: string; ... 14 more ...; premium: string; }'.
app/(app)/chat-history.tsx(67,67): error TS2339: Property 'textMuted' does not exist on type '{ primary: string; primaryDark: string; primaryDeep: string; secondary: string; success: string; warning: string; error: string; background: string; surface: string; surfaceAlt: string; border: string; ... 14 more ...; premium: string; }'.
app/(app)/chat-history.tsx(70,73): error TS2339: Property 'textMuted' does not exist on type '{ primary: string; primaryDark: string; primaryDeep: string; secondary: string; success: string; warning: string; error: string; background: string; surface: string; surfaceAlt: string; border: string; ... 14 more ...; premium: string; }'.
app/(app)/chat-history.tsx(197,65): error TS2339: Property 'textMuted' does not exist on type '{ primary: string; primaryDark: string; primaryDeep: string; secondary: string; success: string; warning: string; error: string; background: string; surface: string; surfaceAlt: string; border: string; ... 14 more ...; premium: string; }'.
app/(app)/chat-history.tsx(201,40): error TS2339: Property 'textMuted' does not exist on type '{ primary: string; primaryDark: string; primaryDeep: string; secondary: string; success: string; warning: string; error: string; background: string; surface: string; surfaceAlt: string; border: string; ... 14 more ...; premium: string; }'.
app/(app)/chat-history.tsx(207,67): error TS2339: Property 'textMuted' does not exist on type '{ primary: string; primaryDark: string; primaryDeep: string; secondary: string; success: string; warning: string; error: string; background: string; surface: string; surfaceAlt: string; border: string; ... 14 more ...; premium: string; }'.
app/(app)/chat-history.tsx(232,72): error TS2339: Property 'borderLight' does not exist on type '{ primary: string; primaryDark: string; primaryDeep: string; secondary: string; success: string; warning: string; error: string; background: string; surface: string; surfaceAlt: string; border: string; ... 14 more ...; premium: string; }'.
app/(app)/chat-history.tsx(286,16): error TS2339: Property 'shadows' does not exist on type '{ sm: number; md: number; lg: number; xl: number; radius: { sm: number; md: number; lg: number; xl: number; }; }'.
app/(app)/chat-history.tsx(299,25): error TS2339: Property 'borderLight' does not exist on type '{ primary: string; primaryDark: string; primaryDeep: string; secondary: string; success: string; warning: string; error: string; background: string; surface: string; surfaceAlt: string; border: string; ... 14 more ...; premium: string; }'.
app/(app)/chat-history.tsx(300,16): error TS2339: Property 'shadows' does not exist on type '{ sm: number; md: number; lg: number; xl: number; radius: { sm: number; md: number; lg: number; xl: number; }; }'.
app/(app)/chat-history.tsx(331,19): error TS2339: Property 'textMuted' does not exist on type '{ primary: string; primaryDark: string; primaryDeep: string; secondary: string; success: string; warning: string; error: string; background: string; surface: string; surfaceAlt: string; border: string; ... 14 more ...; premium: string; }'.
app/(app)/chat-history.tsx(342,25): error TS2339: Property 'borderLight' does not exist on type '{ primary: string; primaryDark: string; primaryDeep: string; secondary: string; success: string; warning: string; error: string; background: string; surface: string; surfaceAlt: string; border: string; ... 14 more ...; premium: string; }'.
app/(app)/chat-history.tsx(343,16): error TS2339: Property 'shadows' does not exist on type '{ sm: number; md: number; lg: number; xl: number; radius: { sm: number; md: number; lg: number; xl: number; }; }'.
app/(app)/chat-history.tsx(358,77): error TS2339: Property 'textMuted' does not exist on type '{ primary: string; primaryDark: string; primaryDeep: string; secondary: string; success: string; warning: string; error: string; background: string; surface: string; surfaceAlt: string; border: string; ... 14 more ...; premium: string; }'.
app/(app)/chat-history.tsx(359,72): error TS2339: Property 'textMuted' does not exist on type '{ primary: string; primaryDark: string; primaryDeep: string; secondary: string; success: string; warning: string; error: string; background: string; surface: string; surfaceAlt: string; border: string; ... 14 more ...; premium: string; }'.
app/(app)/chat-history.tsx(420,16): error TS2339: Property 'shadows' does not exist on type '{ sm: number; md: number; lg: number; xl: number; radius: { sm: number; md: number; lg: number; xl: number; }; }'.
app/(app)/index.tsx(24,8): error TS2307: Cannot find module '@/shared/components/navigation/SwipeContainer' or its corresponding type declarations.
app/(app)/index.tsx(154,36): error TS2339: Property 'bottomDot' does not exist on type '{ root: { flex: number; backgroundColor: string; }; tabContainer: { position: "absolute"; bottom: number; left: number; right: number; zIndex: number; }; pill: { flexDirection: "row"; backgroundColor: string; ... 5 more ...; overflow: "hidden"; }; tabItem: { ...; }; iconWrapper: { ...; }; cornerDot: { ...; }; tabLab...'.
app/(app)/settings.tsx(62,37): error TS2339: Property 'borderLight' does not exist on type '{ primary: string; primaryDark: string; primaryDeep: string; secondary: string; success: string; warning: string; error: string; background: string; surface: string; surfaceAlt: string; border: string; ... 14 more ...; premium: string; }'.
app/(app)/settings.tsx(63,53): error TS2339: Property 'textMuted' does not exist on type '{ primary: string; primaryDark: string; primaryDeep: string; secondary: string; success: string; warning: string; error: string; background: string; surface: string; surfaceAlt: string; border: string; ... 14 more ...; premium: string; }'.
app/(app)/settings.tsx(169,75): error TS2339: Property 'purple' does not exist on type '{ primary: string; primaryDark: string; primaryDeep: string; secondary: string; success: string; warning: string; error: string; background: string; surface: string; surfaceAlt: string; border: string; ... 14 more ...; premium: string; }'.
app/(app)/settings.tsx(179,83): error TS2339: Property 'blue' does not exist on type '{ primary: string; primaryDark: string; primaryDeep: string; secondary: string; success: string; warning: string; error: string; background: string; surface: string; surfaceAlt: string; border: string; ... 14 more ...; premium: string; }'.
app/(app)/settings.tsx(225,61): error TS2339: Property 'blue' does not exist on type '{ primary: string; primaryDark: string; primaryDeep: string; secondary: string; success: string; warning: string; error: string; background: string; surface: string; surfaceAlt: string; border: string; ... 14 more ...; premium: string; }'.
app/(app)/settings.tsx(227,73): error TS2339: Property 'blue' does not exist on type '{ primary: string; primaryDark: string; primaryDeep: string; secondary: string; success: string; warning: string; error: string; background: string; surface: string; surfaceAlt: string; border: string; ... 14 more ...; premium: string; }'.
app/(app)/settings.tsx(229,65): error TS2339: Property 'blue' does not exist on type '{ primary: string; primaryDark: string; primaryDeep: string; secondary: string; success: string; warning: string; error: string; background: string; surface: string; surfaceAlt: string; border: string; ... 14 more ...; premium: string; }'.
app/(app)/settings.tsx(232,70): error TS2339: Property 'textMuted' does not exist on type '{ primary: string; primaryDark: string; primaryDeep: string; secondary: string; success: string; warning: string; error: string; background: string; surface: string; surfaceAlt: string; border: string; ... 14 more ...; premium: string; }'.
app/(app)/settings.tsx(287,16): error TS2339: Property 'shadows' does not exist on type '{ sm: number; md: number; lg: number; xl: number; radius: { sm: number; md: number; lg: number; xl: number; }; }'.
app/(app)/settings.tsx(310,41): error TS2339: Property 'borderLight' does not exist on type '{ primary: string; primaryDark: string; primaryDeep: string; secondary: string; success: string; warning: string; error: string; background: string; surface: string; surfaceAlt: string; border: string; ... 14 more ...; premium: string; }'.
app/(app)/settings.tsx(316,53): error TS2339: Property 'borderLight' does not exist on type '{ primary: string; primaryDark: string; primaryDeep: string; secondary: string; success: string; warning: string; error: string; background: string; surface: string; surfaceAlt: string; border: string; ... 14 more ...; premium: string; }'.
app/(app)/settings.tsx(329,76): error TS2339: Property 'textMuted' does not exist on type '{ primary: string; primaryDark: string; primaryDeep: string; secondary: string; success: string; warning: string; error: string; background: string; surface: string; surfaceAlt: string; border: string; ... 14 more ...; premium: string; }'.
app/_layout.tsx(20,37): error TS2307: Cannot find module '@/context/SoilMarkersContext' or its corresponding type declarations.
routes.ts(1,63): error TS7016: Could not find a declaration file for module 'express'. 'C:/Users/Asus/node_modules/express/index.js' implicitly has an 'any' type.
  Try `npm i --save-dev @types/express` if it exists or add a new declaration (.d.ts) file containing `declare module 'express';`
routes.ts(5,138): error TS2307: Cannot find module './services/ai' or its corresponding type declarations.
routes.ts(6,84): error TS2307: Cannot find module './services/service_fees' or its corresponding type declarations.
routes.ts(7,220): error TS2307: Cannot find module '@shared/schema' or its corresponding type declarations.
routes.ts(8,20): error TS2307: Cannot find module './db' or its corresponding type declarations.
routes.ts(9,21): error TS2307: Cannot find module 'drizzle-orm' or its corresponding type declarations.
routes.ts(11,20): error TS2307: Cannot find module 'multer' or its corresponding type declarations.
routes.ts(12,25): error TS2307: Cannot find module './storage' or its corresponding type declarations.
routes.ts(14,17): error TS7016: Could not find a declaration file for module 'jsonwebtoken'. 'C:/Users/Asus/node_modules/jsonwebtoken/index.js' implicitly has an 'any' type.
  Try `npm i --save-dev @types/jsonwebtoken` if it exists or add a new declaration (.d.ts) file containing `declare module 'jsonwebtoken';`
routes.ts(15,98): error TS2307: Cannot find module './lib/jwt' or its corresponding type declarations.
routes.ts(16,20): error TS2307: Cannot find module 'drizzle-orm' or its corresponding type declarations.
routes.ts(17,22): error TS7016: Could not find a declaration file for module 'passport'. 'C:/Users/Asus/node_modules/passport/lib/index.js' implicitly has an 'any' type.
  Try `npm i --save-dev @types/passport` if it exists or add a new declaration (.d.ts) file containing `declare module 'passport';`
routes.ts(18,70): error TS7016: Could not find a declaration file for module 'passport-google-oauth20'. 'C:/Users/Asus/node_modules/passport-google-oauth20/lib/index.js' implicitly has an 'any' type.
  Try `npm i --save-dev @types/passport-google-oauth20` if it exists or add a new declaration (.d.ts) file containing `declare module 'passport-google-oauth20';`
routes.ts(19,74): error TS2307: Cannot find module 'passport-facebook' or its corresponding type declarations.
routes.ts(20,45): error TS2307: Cannot find module 'passport-twitter' or its corresponding type declarations.
routes.ts(21,60): error TS2307: Cannot find module './email-service' or its corresponding type declarations.
routes.ts(130,38): error TS7006: Parameter 'done' implicitly has an 'any' type.
routes.ts(134,47): error TS7006: Parameter 'done' implicitly has an 'any' type.
routes.ts(337,41): error TS7006: Parameter 'req' implicitly has an 'any' type.
routes.ts(337,46): error TS7006: Parameter 'res' implicitly has an 'any' type.
routes.ts(396,43): error TS7006: Parameter 'req' implicitly has an 'any' type.
routes.ts(396,48): error TS7006: Parameter 'res' implicitly has an 'any' type.
routes.ts(472,41): error TS7006: Parameter 'req' implicitly has an 'any' type.
routes.ts(472,46): error TS7006: Parameter 'res' implicitly has an 'any' type.
routes.ts(558,38): error TS7006: Parameter 'req' implicitly has an 'any' type.
routes.ts(558,43): error TS7006: Parameter 'res' implicitly has an 'any' type.
routes.ts(643,32): error TS7006: Parameter 'req' implicitly has an 'any' type.
routes.ts(643,37): error TS7006: Parameter 'res' implicitly has an 'any' type.
routes.ts(643,42): error TS7006: Parameter 'next' implicitly has an 'any' type.
routes.ts(658,6): error TS7006: Parameter 'req' implicitly has an 'any' type.
routes.ts(658,11): error TS7006: Parameter 'res' implicitly has an 'any' type.
routes.ts(704,34): error TS7006: Parameter 'req' implicitly has an 'any' type.
routes.ts(704,39): error TS7006: Parameter 'res' implicitly has an 'any' type.
routes.ts(704,44): error TS7006: Parameter 'next' implicitly has an 'any' type.
routes.ts(712,6): error TS7006: Parameter 'req' implicitly has an 'any' type.
routes.ts(712,11): error TS7006: Parameter 'res' implicitly has an 'any' type.
routes.ts(758,27): error TS7006: Parameter 'req' implicitly has an 'any' type.
routes.ts(758,32): error TS7006: Parameter 'res' implicitly has an 'any' type.
routes.ts(758,37): error TS7006: Parameter 'next' implicitly has an 'any' type.
routes.ts(769,23): error TS7006: Parameter 'err' implicitly has an 'any' type.
routes.ts(776,36): error TS7006: Parameter 'req' implicitly has an 'any' type.
routes.ts(776,41): error TS7006: Parameter 'res' implicitly has an 'any' type.
routes.ts(776,46): error TS7006: Parameter 'next' implicitly has an 'any' type.
routes.ts(836,40): error TS7006: Parameter 'req' implicitly has an 'any' type.
routes.ts(836,45): error TS7006: Parameter 'res' implicitly has an 'any' type.
routes.ts(876,59): error TS7006: Parameter 'req' implicitly has an 'any' type.
routes.ts(876,64): error TS7006: Parameter 'res' implicitly has an 'any' type.
routes.ts(908,55): error TS7006: Parameter 'req' implicitly has an 'any' type.
routes.ts(908,60): error TS7006: Parameter 'res' implicitly has an 'any' type.
routes.ts(948,50): error TS7006: Parameter 'req' implicitly has an 'any' type.
routes.ts(948,55): error TS7006: Parameter 'res' implicitly has an 'any' type.
routes.ts(984,50): error TS7006: Parameter 'req' implicitly has an 'any' type.
routes.ts(984,55): error TS7006: Parameter 'res' implicitly has an 'any' type.
routes.ts(1028,76): error TS7006: Parameter 'req' implicitly has an 'any' type.
routes.ts(1028,81): error TS7006: Parameter 'res' implicitly has an 'any' type.
routes.ts(1068,67): error TS7006: Parameter 'req' implicitly has an 'any' type.
routes.ts(1068,72): error TS7006: Parameter 'res' implicitly has an 'any' type.
routes.ts(1140,53): error TS7006: Parameter 'req' implicitly has an 'any' type.
routes.ts(1140,58): error TS7006: Parameter 'res' implicitly has an 'any' type.
routes.ts(1152,55): error TS7006: Parameter 'req' implicitly has an 'any' type.
routes.ts(1152,60): error TS7006: Parameter 'res' implicitly has an 'any' type.
routes.ts(1213,27): error TS7006: Parameter 'req' implicitly has an 'any' type.
routes.ts(1213,32): error TS7006: Parameter 'res' implicitly has an 'any' type.
routes.ts(1227,48): error TS7006: Parameter 'req' implicitly has an 'any' type.
routes.ts(1227,53): error TS7006: Parameter 'res' implicitly has an 'any' type.
routes.ts(1238,48): error TS7006: Parameter 'req' implicitly has an 'any' type.
routes.ts(1238,53): error TS7006: Parameter 'res' implicitly has an 'any' type.
routes.ts(1263,62): error TS7006: Parameter 'req' implicitly has an 'any' type.
routes.ts(1263,67): error TS7006: Parameter 'res' implicitly has an 'any' type.
routes.ts(1285,62): error TS7006: Parameter 'req' implicitly has an 'any' type.
routes.ts(1285,67): error TS7006: Parameter 'res' implicitly has an 'any' type.
routes.ts(1348,42): error TS7006: Parameter 'req' implicitly has an 'any' type.
routes.ts(1348,47): error TS7006: Parameter 'res' implicitly has an 'any' type.
routes.ts(1368,57): error TS7006: Parameter 'req' implicitly has an 'any' type.
routes.ts(1368,62): error TS7006: Parameter 'res' implicitly has an 'any' type.
routes.ts(1502,64): error TS7006: Parameter 'req' implicitly has an 'any' type.
routes.ts(1502,69): error TS7006: Parameter 'res' implicitly has an 'any' type.
routes.ts(1563,46): error TS7006: Parameter 'req' implicitly has an 'any' type.
routes.ts(1563,51): error TS7006: Parameter 'res' implicitly has an 'any' type.
routes.ts(1592,52): error TS7006: Parameter 'req' implicitly has an 'any' type.
routes.ts(1592,57): error TS7006: Parameter 'res' implicitly has an 'any' type.
routes.ts(1632,41): error TS7006: Parameter 'req' implicitly has an 'any' type.
routes.ts(1632,46): error TS7006: Parameter 'res' implicitly has an 'any' type.
routes.ts(1643,59): error TS7006: Parameter 'req' implicitly has an 'any' type.
routes.ts(1643,64): error TS7006: Parameter 'res' implicitly has an 'any' type.
routes.ts(1651,72): error TS7006: Parameter 'session' implicitly has an 'any' type.
routes.ts(1677,60): error TS7006: Parameter 'req' implicitly has an 'any' type.
routes.ts(1677,65): error TS7006: Parameter 'res' implicitly has an 'any' type.
routes.ts(1696,72): error TS7006: Parameter 'req' implicitly has an 'any' type.
routes.ts(1696,77): error TS7006: Parameter 'res' implicitly has an 'any' type.
routes.ts(1728,66): error TS7006: Parameter 'req' implicitly has an 'any' type.
routes.ts(1728,71): error TS7006: Parameter 'res' implicitly has an 'any' type.
routes.ts(1754,32): error TS7006: Parameter 'req' implicitly has an 'any' type.
routes.ts(1754,37): error TS7006: Parameter 'res' implicitly has an 'any' type.
routes.ts(1916,39): error TS7006: Parameter 'req' implicitly has an 'any' type.
routes.ts(1916,44): error TS7006: Parameter 'res' implicitly has an 'any' type.
routes.ts(1931,64): error TS7006: Parameter 'req' implicitly has an 'any' type.
routes.ts(1931,69): error TS7006: Parameter 'res' implicitly has an 'any' type.
routes.ts(2206,90): error TS7006: Parameter 'req' implicitly has an 'any' type.
routes.ts(2206,95): error TS7006: Parameter 'res' implicitly has an 'any' type.
routes.ts(2505,38): error TS7006: Parameter 'req' implicitly has an 'any' type.
routes.ts(2505,43): error TS7006: Parameter 'res' implicitly has an 'any' type.
routes.ts(2518,32): error TS7006: Parameter 'req' implicitly has an 'any' type.
routes.ts(2518,37): error TS7006: Parameter 'res' implicitly has an 'any' type.
routes.ts(2545,37): error TS7006: Parameter 'req' implicitly has an 'any' type.
routes.ts(2545,42): error TS7006: Parameter 'res' implicitly has an 'any' type.
routes.ts(2603,34): error TS7006: Parameter 'req' implicitly has an 'any' type.
routes.ts(2603,39): error TS7006: Parameter 'res' implicitly has an 'any' type.
routes.ts(2618,29): error TS7006: Parameter 'error' implicitly has an 'any' type.
routes.ts(2628,36): error TS7006: Parameter 'req' implicitly has an 'any' type.
routes.ts(2628,41): error TS7006: Parameter 'res' implicitly has an 'any' type.
routes.ts(2661,60): error TS7006: Parameter 'req' implicitly has an 'any' type.
routes.ts(2661,65): error TS7006: Parameter 'res' implicitly has an 'any' type.
routes.ts(2718,35): error TS7006: Parameter 'req' implicitly has an 'any' type.
routes.ts(2718,40): error TS7006: Parameter 'res' implicitly has an 'any' type.
src/components/MapBottomSheet.tsx(6,26): error TS2307: Cannot find module '../src/features/soil_analysis/services/soil' or its corresponding type declarations.
src/components/MapComponent.tsx(4,26): error TS2307: Cannot find module '../src/features/soil_analysis/services/soil' or its corresponding type declarations.
src/components/ui/Card.tsx(29,16): error TS2339: Property 'shadows' does not exist on type '{ sm: number; md: number; lg: number; xl: number; radius: { sm: number; md: number; lg: number; xl: number; }; }'.
src/components/ui/FuturisticButton.tsx(63,41): error TS2339: Property 'primaryLight' does not exist on type '{ primary: string; primaryDark: string; primaryDeep: string; secondary: string; success: string; warning: string; error: string; background: string; surface: string; surfaceAlt: string; border: string; ... 14 more ...; premium: string; }'.
src/features/auth/services/auth.ts(260,3): error TS2322: Type '{ success: boolean; email: string; requiresOTP: boolean; } | null' is not assignable to type '{ success: boolean; email: string; requiresOTP: boolean; }'.
  Type 'null' is not assignable to type '{ success: boolean; email: string; requiresOTP: boolean; }'.
src/features/auth/services/auth.ts(289,3): error TS2322: Type '{ success: boolean; } | null' is not assignable to type '{ success: boolean; }'.
  Type 'null' is not assignable to type '{ success: boolean; }'.
src/features/soil_analysis/services/soil.ts(27,3): error TS2322: Type 'SoilTest[] | null' is not assignable to type 'SoilTest[]'.
  Type 'null' is not assignable to type 'SoilTest[]'.
src/features/soil_analysis/services/soil.ts(34,3): error TS2322: Type 'SoilTest | null' is not assignable to type 'SoilTest'.
  Type 'null' is not assignable to type 'SoilTest'.
src/features/soil_analysis/services/soil.ts(41,3): error TS2322: Type 'SoilTest | null' is not assignable to type 'SoilTest'.
  Type 'null' is not assignable to type 'SoilTest'.
src/screens/ConnectScreen.tsx(27,32): error TS2307: Cannot find module '@/context/SoilMarkersContext' or its corresponding type declarations.
src/screens/HistoryScreen.tsx(23,32): error TS2307: Cannot find module '@/context/SoilMarkersContext' or its corresponding type declarations.
src/screens/ProfileScreen.tsx(89,38): error TS2339: Property 'textMuted' does not exist on type '{ primary: string; primaryDark: string; primaryDeep: string; secondary: string; success: string; warning: string; error: string; background: string; surface: string; surfaceAlt: string; border: string; ... 14 more ...; premium: string; }'.
src/screens/ProfileScreen.tsx(112,39): error TS2339: Property 'borderLight' does not exist on type '{ primary: string; primaryDark: string; primaryDeep: string; secondary: string; success: string; warning: string; error: string; background: string; surface: string; surfaceAlt: string; border: string; ... 14 more ...; premium: string; }'.
src/screens/ProfileScreen.tsx(113,55): error TS2339: Property 'textMuted' does not exist on type '{ primary: string; primaryDark: string; primaryDeep: string; secondary: string; success: string; warning: string; error: string; background: string; surface: string; surfaceAlt: string; border: string; ... 14 more ...; premium: string; }'.
src/screens/ProfileScreen.tsx(131,88): error TS2339: Property 'textMuted' does not exist on type '{ primary: string; primaryDark: string; primaryDeep: string; secondary: string; success: string; warning: string; error: string; background: string; surface: string; surfaceAlt: string; border: string; ... 14 more ...; premium: string; }'.
src/screens/ProfileScreen.tsx(171,41): error TS18047: 'data' is possibly 'null'.
src/screens/ProfileScreen.tsx(332,80): error TS2339: Property 'blue' does not exist on type '{ primary: string; primaryDark: string; primaryDeep: string; secondary: string; success: string; warning: string; error: string; background: string; surface: string; surfaceAlt: string; border: string; ... 14 more ...; premium: string; }'.
src/screens/ProfileScreen.tsx(346,80): error TS2339: Property 'purple' does not exist on type '{ primary: string; primaryDark: string; primaryDeep: string; secondary: string; success: string; warning: string; error: string; background: string; surface: string; surfaceAlt: string; border: string; ... 14 more ...; premium: string; }'.
src/screens/ProfileScreen.tsx(402,16): error TS2339: Property 'shadows' does not exist on type '{ sm: number; md: number; lg: number; xl: number; radius: { sm: number; md: number; lg: number; xl: number; }; }'.
src/screens/ProfileScreen.tsx(431,75): error TS2339: Property 'textMuted' does not exist on type '{ primary: string; primaryDark: string; primaryDeep: string; secondary: string; success: string; warning: string; error: string; background: string; surface: string; surfaceAlt: string; border: string; ... 14 more ...; premium: string; }'.
src/screens/ProfileScreen.tsx(437,16): error TS2339: Property 'shadows' does not exist on type '{ sm: number; md: number; lg: number; xl: number; radius: { sm: number; md: number; lg: number; xl: number; }; }'.
src/screens/ProfileScreen.tsx(455,25): error TS2339: Property 'borderLight' does not exist on type '{ primary: string; primaryDark: string; primaryDeep: string; secondary: string; success: string; warning: string; error: string; background: string; surface: string; surfaceAlt: string; border: string; ... 14 more ...; premium: string; }'.
src/screens/ProfileScreen.tsx(459,19): error TS2339: Property 'textMuted' does not exist on type '{ primary: string; primaryDark: string; primaryDeep: string; secondary: string; success: string; warning: string; error: string; background: string; surface: string; surfaceAlt: string; border: string; ... 14 more ...; premium: string; }'.
src/screens/ProfileScreen.tsx(494,28): error TS2339: Property 'borderLight' does not exist on type '{ primary: string; primaryDark: string; primaryDeep: string; secondary: string; success: string; warning: string; error: string; background: string; surface: string; surfaceAlt: string; border: string; ... 14 more ...; premium: string; }'.
src/screens/ProfileScreen.tsx(499,75): error TS2339: Property 'textMuted' does not exist on type '{ primary: string; primaryDark: string; primaryDeep: string; secondary: string; success: string; warning: string; error: string; background: string; surface: string; surfaceAlt: string; border: string; ... 14 more ...; premium: string; }'.
src/screens/ProfileScreen.tsx(502,76): error TS2339: Property 'textMuted' does not exist on type '{ primary: string; primaryDark: string; primaryDeep: string; secondary: string; success: string; warning: string; error: string; background: string; surface: string; surfaceAlt: string; border: string; ... 14 more ...; premium: string; }'.
src/services/analytics.ts(54,3): error TS2322: Type 'ParameterTrend | null' is not assignable to type 'ParameterTrend'.
  Type 'null' is not assignable to type 'ParameterTrend'.
src/services/analytics.ts(61,3): error TS2322: Type 'MapLocation[] | null' is not assignable to type 'MapLocation[]'.
  Type 'null' is not assignable to type 'MapLocation[]'.
src/services/api.ts(209,5): error TS2322: Type '{ response: string; } | null' is not assignable to type '{ response: string; }'.
  Type 'null' is not assignable to type '{ response: string; }'.
src/services/api.ts(267,5): error TS2322: Type '{ recommendations: any[]; pricing?: any; } | null' is not assignable to type '{ recommendations: any[]; pricing?: any; queued?: boolean | undefined; }'.
  Type 'null' is not assignable to type '{ recommendations: any[]; pricing?: any; queued?: boolean | undefined; }'.
src/services/notifications.ts(137,3): error TS2322: Type 'AppNotification[] | null' is not assignable to type 'AppNotification[]'.
  Type 'null' is not assignable to type 'AppNotification[]'.
src/services/notifications.ts(144,3): error TS2322: Type 'void | null' is not assignable to type 'void'.
  Type 'null' is not assignable to type 'void'.
